// Jest Snapshot v1, https://goo.gl/fbAQLP

exports[`ToolButton test with icon default snapshot 1`] = `"<button><span class=\\"MuiIconButton-label\\"><div>Icon</div></span></button>"`;

exports[`ToolButton test with icon with tooltip snapshot 1`] = `"<div><span>Tooltip mock</span><div><button><span class=\\"MuiIconButton-label\\"><div>Icon</div></span></button></div></div>"`;
