// Jest Snapshot v1, https://goo.gl/fbAQLP

exports[`GIVEN Checkbox from property section WHEN render component with default props THEN component should match snapshot 1`] = `"<div class=\\"check-box-wrapper\\"><label class=\\"MuiFormControlLabel-root check-box-label-root\\"><button>Mock Csheckbox</button><span class=\\"MuiTypography-root MuiFormControlLabel-label check-box-label-label MuiTypography-body1\\">test</span></label></div>"`;
