// Jest Snapshot v1, https://goo.gl/fbAQLP

exports[`SuggestionItem test Default snapshot 1`] = `"<div class=\\"MuiButtonBase-root MuiListItem-root MuiMenuItem-root makeStyles-menuItem-1 makeStyles-menuItemDefault-3 MuiMenuItem-gutters MuiListItem-gutters MuiListItem-button\\" tabindex=\\"-1\\" role=\\"menuitem\\" aria-disabled=\\"false\\">test<span class=\\"MuiTouchRipple-root\\"></span></div>"`;

exports[`SuggestionItem test Highlighted snapshot 1`] = `"<div class=\\"MuiButtonBase-root MuiListItem-root MuiMenuItem-root makeStyles-menuItem-1 makeStyles-menuItemDefault-3 Mui-selected MuiMenuItem-gutters MuiListItem-gutters MuiListItem-button Mui-selected\\" tabindex=\\"-1\\" role=\\"menuitem\\" aria-disabled=\\"false\\">test<span class=\\"MuiTouchRipple-root\\"></span></div>"`;

exports[`SuggestionItem test Selected snapshot 1`] = `"<div class=\\"MuiButtonBase-root MuiListItem-root MuiMenuItem-root makeStyles-menuItem-1 makeStyles-menuItemSelected-2 MuiMenuItem-gutters MuiListItem-gutters MuiListItem-button\\" tabindex=\\"-1\\" role=\\"menuitem\\" aria-disabled=\\"false\\">test<span class=\\"MuiTouchRipple-root\\"></span></div>"`;
