// Jest Snapshot v1, https://goo.gl/fbAQLP

exports[`SuggestionItem test Default snapshot 1`] = `"<div class=\\"MuiButtonBase-root-16 MuiListItem-root-4 MuiListItem-default-7 MuiListItem-gutters-12 MuiListItem-button-13 MuiMenuItem-root-1 MuiMenuItem-gutters-2 Hook-menuItem-1oxu9dl Hook-menuItemDefault-1xtn5wn\\" tabindex=\\"-1\\" role=\\"menuitem\\">test<span class=\\"MuiTouchRipple-root-19\\"></span></div>"`;

exports[`SuggestionItem test Highlighted snapshot 1`] = `"<div class=\\"MuiButtonBase-root-16 MuiListItem-root-4 MuiListItem-default-7 MuiListItem-gutters-12 MuiListItem-button-13 MuiListItem-selected-15 MuiMenuItem-root-1 MuiMenuItem-selected-3 MuiMenuItem-gutters-2 Hook-menuItem-1oxu9dl Hook-menuItemDefault-1xtn5wn\\" tabindex=\\"-1\\" role=\\"menuitem\\">test<span class=\\"MuiTouchRipple-root-19\\"></span></div>"`;

exports[`SuggestionItem test Selected snapshot 1`] = `"<div class=\\"MuiButtonBase-root-16 MuiListItem-root-4 MuiListItem-default-7 MuiListItem-gutters-12 MuiListItem-button-13 MuiMenuItem-root-1 MuiMenuItem-gutters-2 Hook-menuItem-1oxu9dl Hook-menuItemSelected-13pve0s\\" tabindex=\\"-1\\" role=\\"menuitem\\">test<span class=\\"MuiTouchRipple-root-19\\"></span></div>"`;
