// Jest Snapshot v1, https://goo.gl/fbAQLP

exports[`TitledPanel test default snapshot 1`] = `"<div class=\\"TitledPanel-root-1\\"><div class=\\"TitledPanel-titleContainer-2\\"><span class=\\"MuiTypography-root-5 MuiTypography-button-16 TitledPanel-titleText-4\\">test</span></div><div class=\\"TitledPanel-body-3\\">Test text</div></div>"`;

exports[`TitledPanel test with title children snapshot 1`] = `"<div class=\\"TitledPanel-root-1\\"><div class=\\"TitledPanel-titleContainer-2\\"><span class=\\"MuiTypography-root-5 MuiTypography-button-16 TitledPanel-titleText-4\\">test</span>Title children</div><div class=\\"TitledPanel-body-3\\">Test text</div></div>"`;
