// Jest Snapshot v1, https://goo.gl/fbAQLP

exports[`TitledPanel test default snapshot 1`] = `"<div class=\\"titled-panel-root\\"><div class=\\"titled-panel-container\\"><span class=\\"MuiTypography-root-1 MuiTypography-button-12 titled-panel-text\\">test</span></div><div class=\\"titled-panel-body\\" style=\\"padding: 0px;\\">Test text</div></div>"`;

exports[`TitledPanel test with title children snapshot 1`] = `"<div class=\\"titled-panel-root\\"><div class=\\"titled-panel-container\\"><span class=\\"MuiTypography-root-1 MuiTypography-button-12 titled-panel-text\\">test</span>Title children</div><div class=\\"titled-panel-body\\" style=\\"padding: 0px;\\">Test text</div></div>"`;
