// Jest Snapshot v1, https://goo.gl/fbAQLP

exports[`NameInput test Default snapshot 1`] = `"<div class=\\"MuiFormControl-root-1 MuiFormControl-fullWidth-4\\"><label class=\\"MuiFormLabel-root-16 MuiInputLabel-root-5 MuiInputLabel-formControl-10 MuiInputLabel-animated-13\\" data-shrink=\\"false\\">test locale</label><div class=\\"MuiInputBase-root-36 MuiInput-root-23 MuiInput-underline-27 MuiInputBase-fullWidth-45 MuiInput-fullWidth-30 MuiInputBase-formControl-37 MuiInput-formControl-24\\"><input aria-invalid=\\"false\\" autocomplete=\\"off\\" class=\\"MuiInputBase-input-46 MuiInput-input-31\\" type=\\"text\\" maxlength=\\"20\\" value=\\"\\"></div></div>"`;

exports[`NameInput test Error snapshot 1`] = `"<div class=\\"MuiFormControl-root-1 MuiFormControl-fullWidth-4\\"><label class=\\"MuiFormLabel-root-16 MuiFormLabel-error-19 MuiInputLabel-error-8 MuiInputLabel-root-5 MuiInputLabel-formControl-10 MuiInputLabel-animated-13\\" data-shrink=\\"false\\">test error</label><div class=\\"MuiInputBase-root-36 MuiInput-root-23 MuiInput-underline-27 MuiInputBase-error-42 MuiInput-error-28 MuiInputBase-fullWidth-45 MuiInput-fullWidth-30 MuiInputBase-formControl-37 MuiInput-formControl-24\\"><input aria-invalid=\\"true\\" autocomplete=\\"off\\" class=\\"MuiInputBase-input-46 MuiInput-input-31\\" type=\\"text\\" maxlength=\\"20\\" value=\\"\\"></div></div>"`;
