// Jest Snapshot v1, https://goo.gl/fbAQLP

exports[`GIVEN App component WHEN render App with empty store THEN rendered result should match snapshot 1`] = `"<div class=\\"loader\\"><div class=\\"loader-ring\\"><div></div><div></div><div></div><div></div></div></div>"`;

exports[`GIVEN App component WHEN render App with non empty store THEN rendered result should match snapshot 1`] = `"<div store=\\"[object Object]\\"><div class=\\"app-root\\"><span>NewProjectDialog</span><span>NewFileDialog</span><span>ExportProjectDialog</span><span>RenameFileDialog</span><div class=\\"app-grid\\"><div class=\\"MuiGrid-root app-full-height MuiGrid-container\\"><div class=\\"MuiGrid-root app-left-column MuiGrid-item MuiGrid-grid-sm-8 MuiGrid-grid-md-9 MuiGrid-grid-lg-10\\"><div class=\\"app-working-area\\"><span>WorkingArea</span></div><div class=\\"app-bottom-menu\\"><span>BottomMenu</span></div></div><div class=\\"MuiGrid-root app-right-column MuiGrid-item MuiGrid-grid-sm-4 MuiGrid-grid-md-3 MuiGrid-grid-lg-2\\"><span>Properties</span><span>Library</span></div></div></div><span>TopMenu</span></div></div>"`;
